<html>
<body>
<pre>
<h1>µVision Build Log</h1>
<h2>Tool Versions:</h2>
IDE-Version: µVision V5.39.0.0
Copyright (C) 2023 ARM Ltd and ARM Germany GmbH. All rights reserved.
License Information: Amine Jarjini, AVL, LIC=----
 
Tool Versions:
Toolchain:       MDK-Lite  Version: 5.39.0.0
Toolchain Path:  C:\Keil_v5\ARM\ARMCLANG\Bin
C Compiler:      ArmClang.exe V6.21
Assembler:       Armasm.exe V6.21
Linker/Locator:  ArmLink.exe V6.21
Library Manager: ArmAr.exe V6.21
Hex Converter:   FromElf.exe V6.21
CPU DLL:         SARMCM3.DLL V5.39.0.0
Dialog DLL:      DCM.DLL V1.17.5.0
Target DLL:      UL2CM3.DLL V1.164.9.0
Dialog DLL:      TCM.DLL V1.56.4.0
 
<h2>Project:</h2>
C:\Users\u29w81\Desktop\EmbeddedCpp\EmbeddedCppWithARM\EmbeddedCppWithARM.uvprojx
Project File Date:  01/09/2024

<h2>Output:</h2>
*** Using Compiler 'V6.21', folder: 'C:\Keil_v5\ARM\ARMCLANG\Bin'
Build target 'STMF446RE'
rcc.cpp(1): warning: In file included from...
./rcc.h(28): warning: C++98 requires newline at end of file [-Wc++98-compat-pedantic]
   28 | #endif
      |       ^
rcc.cpp(2): warning: use of old-style cast [-Wold-style-cast]
    2 | RCC_TypeDef* RCC_MemoryMapBase = (RCC_TypeDef*) RCC_BASE;
      |                                  ^              ~~~~~~~~
rcc.cpp(2): warning: no previous extern declaration for non-static variable 'RCC_MemoryMapBase' [-Wmissing-variable-declarations]
    2 | RCC_TypeDef* RCC_MemoryMapBase = (RCC_TypeDef*) RCC_BASE;
      |              ^
rcc.cpp(2): note: declare 'static' if the variable is not intended to be used outside of this translation unit
    2 | RCC_TypeDef* RCC_MemoryMapBase = (RCC_TypeDef*) RCC_BASE;
      | ^
rcc.cpp(5): warning: unused variable 'rccErr' [-Wunused-variable]
    5 |         RCC_ErrorType_t rccErr = RCC_OK;
      |                         ^~~~~~
rcc.cpp(10): warning: enumeration value 'RCC_GPIO_PORT_F' not explicitly handled in switch [-Wswitch-enum]
   10 |         switch(GpioPortName)
      |                ^~~~~~~~~~~~
rcc.cpp(39): warning: C++98 requires newline at end of file [-Wc++98-compat-pedantic]
   39 |         
      |         ^
6 warnings generated.
compiling rcc.cpp...
linking...
Program Size: Code=736 RO-data=488 RW-data=4 ZI-data=1640  
".\Objects\EmbeddedCppWithARM.axf" - 0 Error(s), 6 Warning(s).

<h2>Software Packages used:</h2>

Package Vendor: ARM
                http://www.keil.com/pack/ARM.CMSIS.5.9.0.pack
                ARM::CMSIS@5.9.0
                CMSIS (Common Microcontroller Software Interface Standard)
   * Component: CORE Version: 5.6.0

Package Vendor: Keil
                https://www.keil.com/pack/Keil.STM32F4xx_DFP.2.17.1.pack
                Keil::STM32F4xx_DFP@2.17.1
                STMicroelectronics STM32F4 Series Device Support, Drivers and Examples
   * Component: Startup Version: 2.6.3

<h2>Collection of Component include folders:</h2>
  ./RTE/_STMF446RE
  C:/Users/u29w81/AppData/Local/Arm/Packs/ARM/CMSIS/5.9.0/CMSIS/Core/Include
  C:/Users/u29w81/AppData/Local/Arm/Packs/Keil/STM32F4xx_DFP/2.17.1/Drivers/CMSIS/Device/ST/STM32F4xx/Include

<h2>Collection of Component Files used:</h2>

   * Component: ARM::CMSIS:CORE@5.6.0

   * Component: Keil::Device:Startup@2.6.3
      Source file:   MDK/Device/Source/ARM/STM32F4xx_OTP.s
      Include file:  Drivers/CMSIS/Device/ST/STM32F4xx/Include/stm32f4xx.h
      Source file:   MDK/Device/Source/ARM/STM32F446xx_OPT.s
      Source file:   Drivers/CMSIS/Device/ST/STM32F4xx/Source/Templates/arm/startup_stm32f446xx.s
      Source file:   Drivers/CMSIS/Device/ST/STM32F4xx/Source/Templates/system_stm32f4xx.c
Build Time Elapsed:  00:00:00
</pre>
</body>
</html>
